---
source: zellij-server/src/plugins/./unit/plugin_tests.rs
assertion_line: 2709
expression: "format!(\"{:#?}\", new_tab_event)"
---
Some(
    GoToTabName(
        "my tab name\n\r",
        (
            [],
            [],
        ),
        None,
        false,
        Some(
            1,
        ),
        None,
    ),
)
